---
source: crates/pensum/tests/contract.rs
assertion_line: 510
expression: "pretty(&serde_json::from_slice::<Value>(&out.stdout).unwrap())"
---
{
  "ambiguous": [],
  "resolved": [
    {
      "core": "pensum",
      "home": "acm",
      "kind": "task",
      "path": "a_actio/a_c_cura/ac_m_mentis/acm__/acm__task.jsonl",
      "ref": "pensum:reach_out_to_alex",
      "shape": {
        "named": false,
        "shape": "series"
      },
      "slug": "reach_out_to_alex"
    },
    {
      "core": "pensum",
      "home": "ao",
      "kind": "task",
      "path": "a_actio/a_o_opus/ao__/ao__task.jsonl",
      "ref": "pensum:file_taxes",
      "shape": {
        "named": false,
        "shape": "series"
      },
      "slug": "file_taxes"
    }
  ],
  "unresolved": [
    "pensum:260718",
    "pensum:never_written"
  ]
}
